###############################################################################
#
# IAR ELF Linker V8.30.1.114/W32 for ARM                  04/Feb/2022  18:08:11
# Copyright 2007-2018 IAR Systems AB.
#
#    Output file  =  H:\IARprojects\Debug\Exe\First.out
#    Map file     =  H:\IARprojects\Debug\List\First.map
#    Command line =  
#        -f C:\Users\dahel\AppData\Local\Temp\EW4735.tmp
#        (H:\IARprojects\Debug\Obj\main.o
#        H:\IARprojects\Debug\Obj\startup_stm32f0xx.o
#        H:\IARprojects\Debug\Obj\stm32f0xx_adc.o
#        H:\IARprojects\Debug\Obj\stm32f0xx_can.o
#        H:\IARprojects\Debug\Obj\stm32f0xx_cec.o
#        H:\IARprojects\Debug\Obj\stm32f0xx_comp.o
#        H:\IARprojects\Debug\Obj\stm32f0xx_crc.o
#        H:\IARprojects\Debug\Obj\stm32f0xx_crs.o
#        H:\IARprojects\Debug\Obj\stm32f0xx_dac.o
#        H:\IARprojects\Debug\Obj\stm32f0xx_dbgmcu.o
#        H:\IARprojects\Debug\Obj\stm32f0xx_dma.o
#        H:\IARprojects\Debug\Obj\stm32f0xx_exti.o
#        H:\IARprojects\Debug\Obj\stm32f0xx_flash.o
#        H:\IARprojects\Debug\Obj\stm32f0xx_gpio.o
#        H:\IARprojects\Debug\Obj\stm32f0xx_i2c.o
#        H:\IARprojects\Debug\Obj\stm32f0xx_iwdg.o
#        H:\IARprojects\Debug\Obj\stm32f0xx_misc.o
#        H:\IARprojects\Debug\Obj\stm32f0xx_pwr.o
#        H:\IARprojects\Debug\Obj\stm32f0xx_rcc.o
#        H:\IARprojects\Debug\Obj\stm32f0xx_rtc.o
#        H:\IARprojects\Debug\Obj\stm32f0xx_spi.o
#        H:\IARprojects\Debug\Obj\stm32f0xx_syscfg.o
#        H:\IARprojects\Debug\Obj\stm32f0xx_tim.o
#        H:\IARprojects\Debug\Obj\stm32f0xx_usart.o
#        H:\IARprojects\Debug\Obj\stm32f0xx_wwdg.o
#        H:\IARprojects\Debug\Obj\system_stm32f0xx.o --no_out_extension -o
#        H:\IARprojects\Debug\Exe\First.out --redirect _Printf=_PrintfFullNoMb
#        --redirect _Scanf=_ScanfFullNoMb --map
#        H:\IARprojects\Debug\List\First.map --config
#        D:\IAR\arm\config\linker\ST\stm32f030x8.icf --semihosting --entry
#        __iar_program_start --vfe --text_out locale)
#
###############################################################################

*******************************************************************************
*** RUNTIME MODEL ATTRIBUTES
***

CppFlavor       = *
__SystemLibrary = DLib
__dlib_version  = 6


*******************************************************************************
*** HEAP SELECTION
***

The basic heap was selected because no calls to memory allocation
functions were found in the application outside of system library
functions, and there are calls to deallocation functions in the
application.


*******************************************************************************
*** PLACEMENT SUMMARY
***

"A0":  place at 0x800'0000 { ro section .intvec };
"P1":  place in [from 0x800'0000 to 0x800'ffff] { ro };
define block CSTACK with size = 2K, alignment = 8 { };
define block HEAP with size = 2K, alignment = 8 { };
"P2":  place in [from 0x2000'0000 to 0x2000'1fff] {
          rw, block CSTACK, block HEAP };
initialize by copy { rw };

  Section            Kind         Address   Size  Object
  -------            ----         -------   ----  ------
"A0":                                       0xc0
  .intvec            ro code   0x800'0000   0xc0  startup_stm32f0xx.o [1]
                             - 0x800'00c0   0xc0

"P1":                                      0x916
  .text              ro code   0x800'00c0  0x214  stm32f0xx_rcc.o [1]
  .text              ro code   0x800'02d4   0xae  I32DivModFast.o [3]
  .text              ro code   0x800'0382    0x2  startup_stm32f0xx.o [1]
  .text              ro code   0x800'0384    0x2  IntDivZer.o [3]
  .text              ro code   0x800'0386    0x2  startup_stm32f0xx.o [1]
  .text              ro code   0x800'0388  0x194  main.o [1]
  .text              ro code   0x800'051c  0x126  stm32f0xx_gpio.o [1]
  .text              ro code   0x800'0642    0x2  startup_stm32f0xx.o [1]
  .text              ro code   0x800'0644  0x118  stm32f0xx_usart.o [1]
  .text              ro code   0x800'075c  0x128  system_stm32f0xx.o [1]
  .text              ro code   0x800'0884   0x3c  startup_stm32f0xx.o [1]
  .text              ro code   0x800'08c0   0x30  copy_init3.o [3]
  .text              ro code   0x800'08f0   0x28  data_init.o [3]
  .iar.init_table    const     0x800'0918   0x14  - Linker created -
  .text              ro code   0x800'092c   0x1e  cmain.o [3]
  .text              ro code   0x800'094a    0x4  low_level_init.o [2]
  .text              ro code   0x800'094e    0x8  exit.o [2]
  .text              ro code   0x800'0956    0x2  startup_stm32f0xx.o [1]
  .text              ro code   0x800'0958    0xa  cexit.o [3]
  .text              ro code   0x800'0962    0x2  startup_stm32f0xx.o [1]
  .text              ro code   0x800'0964   0x14  exit.o [4]
  Initializer bytes  const     0x800'0978   0x18  <for P2-1>
  .text              ro code   0x800'0990    0xc  cstartup_M.o [3]
  .text              ro code   0x800'099c    0x2  startup_stm32f0xx.o [1]
  .text              ro code   0x800'099e    0x2  startup_stm32f0xx.o [1]
  .text              ro code   0x800'09a0    0x2  startup_stm32f0xx.o [1]
  .text              ro code   0x800'09a2    0x2  startup_stm32f0xx.o [1]
  .text              ro code   0x800'09a4    0x2  startup_stm32f0xx.o [1]
  .text              ro code   0x800'09a6    0x2  startup_stm32f0xx.o [1]
  .text              ro code   0x800'09a8    0x2  startup_stm32f0xx.o [1]
  .text              ro code   0x800'09aa    0x2  startup_stm32f0xx.o [1]
  .text              ro code   0x800'09ac    0x2  startup_stm32f0xx.o [1]
  .text              ro code   0x800'09ae    0x2  startup_stm32f0xx.o [1]
  .text              ro code   0x800'09b0    0x2  startup_stm32f0xx.o [1]
  .text              ro code   0x800'09b2    0x2  startup_stm32f0xx.o [1]
  .text              ro code   0x800'09b4    0x2  startup_stm32f0xx.o [1]
  .text              ro code   0x800'09b6    0x2  startup_stm32f0xx.o [1]
  .text              ro code   0x800'09b8    0x2  startup_stm32f0xx.o [1]
  .text              ro code   0x800'09ba    0x2  startup_stm32f0xx.o [1]
  .text              ro code   0x800'09bc    0x2  startup_stm32f0xx.o [1]
  .text              ro code   0x800'09be    0x2  startup_stm32f0xx.o [1]
  .text              ro code   0x800'09c0    0x2  startup_stm32f0xx.o [1]
  .text              ro code   0x800'09c2    0x2  startup_stm32f0xx.o [1]
  .text              ro code   0x800'09c4    0x2  startup_stm32f0xx.o [1]
  .text              ro code   0x800'09c6    0x2  startup_stm32f0xx.o [1]
  .text              ro code   0x800'09c8    0x2  startup_stm32f0xx.o [1]
  .text              ro code   0x800'09ca    0x2  startup_stm32f0xx.o [1]
  .text              ro code   0x800'09cc    0x2  startup_stm32f0xx.o [1]
  .text              ro code   0x800'09ce    0x2  startup_stm32f0xx.o [1]
  .text              ro code   0x800'09d0    0x2  startup_stm32f0xx.o [1]
  .text              ro code   0x800'09d2    0x2  startup_stm32f0xx.o [1]
  .text              ro code   0x800'09d4    0x2  startup_stm32f0xx.o [1]
  .rodata            const     0x800'09d6    0x0  copy_init3.o [3]
                             - 0x800'09d6  0x916

"P2", part 1 of 2:                          0x18
  P2-1                        0x2000'0000   0x18  <Init block>
    .data            inited   0x2000'0000    0x8  main.o [1]
    .data            inited   0x2000'0008   0x10  stm32f0xx_rcc.o [1]
                            - 0x2000'0018   0x18

"P2", part 2 of 2:                         0x800
  CSTACK                      0x2000'0018  0x800  <Block>
    CSTACK           uninit   0x2000'0018  0x800  <Block tail>
                            - 0x2000'0818  0x800

Unused ranges:

         From           To    Size
         ----           --    ----
   0x800'09d6   0x800'ffff  0xf62a
  0x2000'0818  0x2000'1fff  0x17e8


*******************************************************************************
*** INIT TABLE
***

          Address      Size
          -------      ----
Copy (__iar_copy_init3)
    1 source range, total size 0x18:
           0x800'0978  0x18
    1 destination range, total size 0x18:
          0x2000'0000  0x18



*******************************************************************************
*** MODULE SUMMARY
***

    Module               ro code  ro data  rw data
    ------               -------  -------  -------
command line/config:
    ----------------------------------------------
    Total:

H:\IARprojects\Debug\Obj: [1]
    main.o                   404        8        8
    startup_stm32f0xx.o      320
    stm32f0xx_gpio.o         294
    stm32f0xx_rcc.o          532       16       16
    stm32f0xx_usart.o        280
    system_stm32f0xx.o       296
    ----------------------------------------------
    Total:                 2 126       24       24

dl6M_tln.a: [2]
    exit.o                     8
    low_level_init.o           4
    ----------------------------------------------
    Total:                    12

rt6M_tl.a: [3]
    I32DivModFast.o          174
    IntDivZer.o                2
    cexit.o                   10
    cmain.o                   30
    copy_init3.o              48
    cstartup_M.o              12
    data_init.o               40
    ----------------------------------------------
    Total:                   316

shb_l.a: [4]
    exit.o                    20
    ----------------------------------------------
    Total:                    20

    Linker created                     20    2 048
--------------------------------------------------
    Grand Total:           2 474       44    2 072


*******************************************************************************
*** ENTRY LIST
***

Entry                       Address   Size  Type      Object
-----                       -------   ----  ----      ------
.iar.init_table$$Base    0x800'0918          --   Gb  - Linker created -
.iar.init_table$$Limit   0x800'092c          --   Gb  - Linker created -
?main                    0x800'092d         Code  Gb  cmain.o [3]
APBAHBPrescTable        0x2000'0008   0x10  Data  Lc  stm32f0xx_rcc.o [1]
CSTACK$$Base            0x2000'0018          --   Gb  - Linker created -
CSTACK$$Limit           0x2000'0818          --   Gb  - Linker created -
GPIO_Init                0x800'051d   0xa2  Code  Gb  stm32f0xx_gpio.o [1]
GPIO_PinAFConfig         0x800'05e3   0x60  Code  Gb  stm32f0xx_gpio.o [1]
GPIO_ReadInputDataBit    0x800'05bf   0x1a  Code  Gb  stm32f0xx_gpio.o [1]
GPIO_ResetBits           0x800'05df    0x4  Code  Gb  stm32f0xx_gpio.o [1]
GPIO_SetBits             0x800'05d9    0x6  Code  Gb  stm32f0xx_gpio.o [1]
RCC_AHBPeriphClockCmd    0x800'0275   0x1c  Code  Gb  stm32f0xx_rcc.o [1]
RCC_APB1PeriphClockCmd   0x800'0291   0x1c  Code  Gb  stm32f0xx_rcc.o [1]
RCC_GetClocksFreq        0x800'00c1  0x1b0  Code  Gb  stm32f0xx_rcc.o [1]
Region$$Table$$Base      0x800'0918          --   Gb  - Linker created -
Region$$Table$$Limit     0x800'092c          --   Gb  - Linker created -
SetSysClock              0x800'07b5   0x98  Code  Lc  system_stm32f0xx.o [1]
SystemInit               0x800'075d   0x58  Code  Gb  system_stm32f0xx.o [1]
USART_Cmd                0x800'0703   0x1c  Code  Gb  stm32f0xx_usart.o [1]
USART_GetFlagStatus      0x800'0745   0x18  Code  Gb  stm32f0xx_usart.o [1]
USART_Init               0x800'0645   0xbe  Code  Gb  stm32f0xx_usart.o [1]
USART_SendData           0x800'072d    0x8  Code  Gb  stm32f0xx_usart.o [1]
USART_ini                0x800'041b   0x76  Code  Gb  main.o [1]
__ICFEDIT_region_RAM_end__ {Abs}
                        0x2000'1fff         Data  Gb  <internal module>
__ICFEDIT_region_RAM_start__ {Abs}
                        0x2000'0000         Data  Gb  <internal module>
__aeabi_idiv0            0x800'0385         Code  Gb  IntDivZer.o [3]
__aeabi_uidiv            0x800'02d5         Code  Gb  I32DivModFast.o [3]
__aeabi_uidivmod         0x800'02d5         Code  Gb  I32DivModFast.o [3]
__cmain                  0x800'092d         Code  Gb  cmain.o [3]
__exit                   0x800'0965   0x14  Code  Gb  exit.o [4]
__iar_copy_init3         0x800'08c1   0x30  Code  Gb  copy_init3.o [3]
__iar_data_init3         0x800'08f1   0x28  Code  Gb  data_init.o [3]
__iar_program_start      0x800'0991         Code  Gb  cstartup_M.o [3]
__low_level_init         0x800'094b    0x4  Code  Gb  low_level_init.o [2]
__vector_table           0x800'0000         Data  Gb  startup_stm32f0xx.o [1]
_call_main               0x800'0939         Code  Gb  cmain.o [3]
_exit                    0x800'0959         Code  Gb  cexit.o [3]
_main                    0x800'0947         Code  Gb  cmain.o [3]
delay                    0x800'040f    0xc  Code  Gb  main.o [1]
exit                     0x800'094f    0x8  Code  Gb  exit.o [2]
ff                      0x2000'0000    0x8  Data  Gb  main.o [1]
main                     0x800'0491   0x76  Code  Gb  main.o [1]
port_ini                 0x800'0389   0x50  Code  Gb  main.o [1]
sendData                 0x800'03d9   0x36  Code  Gb  main.o [1]


[1] = H:\IARprojects\Debug\Obj
[2] = dl6M_tln.a
[3] = rt6M_tl.a
[4] = shb_l.a

  2 474 bytes of readonly  code memory
     44 bytes of readonly  data memory
  2 072 bytes of readwrite data memory

Errors: none
Warnings: none
